com\inventory\agent\controller\AuthController.class
com\inventory\agent\dto\ChatRequest.class
com\inventory\agent\dto\DashboardStatsDTO$DashboardStatsDTOBuilder.class
com\inventory\agent\dto\LoginRequest.class
com\inventory\agent\dto\ProductDTO$ProductDTOBuilder.class
com\inventory\agent\controller\ChatController.class
com\inventory\agent\controller\ProductController.class
com\inventory\agent\dto\ProductDTO.class
com\inventory\agent\service\ProductServiceImpl.class
com\inventory\agent\model\Product.class
com\inventory\agent\dto\LoginResponse.class
com\inventory\agent\config\WebConfig.class
com\inventory\agent\exception\GlobalExceptionHandler.class
com\inventory\agent\controller\DashboardController.class
com\inventory\agent\repository\ProductRepository.class
com\inventory\agent\exception\ResourceNotFoundException.class
com\inventory\agent\AgentApplication.class
com\inventory\agent\model\Product$ProductBuilder.class
com\inventory\agent\config\AuthInterceptor.class
com\inventory\agent\dto\DashboardStatsDTO.class
com\inventory\agent\service\GroqService.class
com\inventory\agent\dto\ChatResponse.class
com\inventory\agent\exception\ErrorResponse.class
com\inventory\agent\service\AuthService.class
com\inventory\agent\service\ProductService.class
