C:\Users\shalini c.r\OneDrive\Desktop\Inventory Management Agent\backend\src\main\java\com\inventory\agent\AgentApplication.java
C:\Users\shalini c.r\OneDrive\Desktop\Inventory Management Agent\backend\src\main\java\com\inventory\agent\config\AuthInterceptor.java
C:\Users\shalini c.r\OneDrive\Desktop\Inventory Management Agent\backend\src\main\java\com\inventory\agent\config\WebConfig.java
C:\Users\shalini c.r\OneDrive\Desktop\Inventory Management Agent\backend\src\main\java\com\inventory\agent\controller\AuthController.java
C:\Users\shalini c.r\OneDrive\Desktop\Inventory Management Agent\backend\src\main\java\com\inventory\agent\controller\ChatController.java
C:\Users\shalini c.r\OneDrive\Desktop\Inventory Management Agent\backend\src\main\java\com\inventory\agent\controller\DashboardController.java
C:\Users\shalini c.r\OneDrive\Desktop\Inventory Management Agent\backend\src\main\java\com\inventory\agent\controller\ProductController.java
C:\Users\shalini c.r\OneDrive\Desktop\Inventory Management Agent\backend\src\main\java\com\inventory\agent\dto\ChatRequest.java
C:\Users\shalini c.r\OneDrive\Desktop\Inventory Management Agent\backend\src\main\java\com\inventory\agent\dto\ChatResponse.java
C:\Users\shalini c.r\OneDrive\Desktop\Inventory Management Agent\backend\src\main\java\com\inventory\agent\dto\DashboardStatsDTO.java
C:\Users\shalini c.r\OneDrive\Desktop\Inventory Management Agent\backend\src\main\java\com\inventory\agent\dto\LoginRequest.java
C:\Users\shalini c.r\OneDrive\Desktop\Inventory Management Agent\backend\src\main\java\com\inventory\agent\dto\LoginResponse.java
C:\Users\shalini c.r\OneDrive\Desktop\Inventory Management Agent\backend\src\main\java\com\inventory\agent\dto\ProductDTO.java
C:\Users\shalini c.r\OneDrive\Desktop\Inventory Management Agent\backend\src\main\java\com\inventory\agent\exception\ErrorResponse.java
C:\Users\shalini c.r\OneDrive\Desktop\Inventory Management Agent\backend\src\main\java\com\inventory\agent\exception\GlobalExceptionHandler.java
C:\Users\shalini c.r\OneDrive\Desktop\Inventory Management Agent\backend\src\main\java\com\inventory\agent\exception\ResourceNotFoundException.java
C:\Users\shalini c.r\OneDrive\Desktop\Inventory Management Agent\backend\src\main\java\com\inventory\agent\model\Product.java
C:\Users\shalini c.r\OneDrive\Desktop\Inventory Management Agent\backend\src\main\java\com\inventory\agent\repository\ProductRepository.java
C:\Users\shalini c.r\OneDrive\Desktop\Inventory Management Agent\backend\src\main\java\com\inventory\agent\service\AuthService.java
C:\Users\shalini c.r\OneDrive\Desktop\Inventory Management Agent\backend\src\main\java\com\inventory\agent\service\GroqService.java
C:\Users\shalini c.r\OneDrive\Desktop\Inventory Management Agent\backend\src\main\java\com\inventory\agent\service\ProductService.java
C:\Users\shalini c.r\OneDrive\Desktop\Inventory Management Agent\backend\src\main\java\com\inventory\agent\service\ProductServiceImpl.java
